../data/pcols16/clubb_tend_cam.103.0.1
../data/pcols16/clubb_tend_cam.98.0.1
../data/pcols16/clubb_tend_cam.111.0.2
../data/pcols16/clubb_tend_cam.266.0.2
../data/pcols16/clubb_tend_cam.29.0.2
../data/pcols16/clubb_tend_cam.73.0.2
../data/pcols16/clubb_tend_cam.7.0.2
../data/pcols16/clubb_tend_cam.251.0.2
../data/pcols16/clubb_tend_cam.236.0.2
../data/pcols16/clubb_tend_cam.189.0.2
../data/pcols16/clubb_tend_cam.108.0.2
../data/pcols16/clubb_tend_cam.33.0.2
../data/pcols16/clubb_tend_cam.12.0.2
../data/pcols16/clubb_tend_cam.69.0.2
../data/pcols16/clubb_tend_cam.237.0.2
../data/pcols16/clubb_tend_cam.127.0.2
../data/pcols16/clubb_tend_cam.240.0.2
../data/pcols16/clubb_tend_cam.166.0.2
../data/pcols16/clubb_tend_cam.46.0.2
../data/pcols16/clubb_tend_cam.218.0.2
../data/pcols16/clubb_tend_cam.254.0.2
../data/pcols16/clubb_tend_cam.197.0.2
../data/pcols16/clubb_tend_cam.187.0.2
../data/pcols16/clubb_tend_cam.173.0.2
../data/pcols16/clubb_tend_cam.146.0.2
../data/pcols16/clubb_tend_cam.201.0.2
../data/pcols16/clubb_tend_cam.30.0.2
../data/pcols16/clubb_tend_cam.81.0.2
../data/pcols16/clubb_tend_cam.287.0.2
../data/pcols16/clubb_tend_cam.114.0.2
../data/pcols16/clubb_tend_cam.119.0.2
../data/pcols16/clubb_tend_cam.158.0.2
../data/pcols16/clubb_tend_cam.65.0.2
../data/pcols16/clubb_tend_cam.282.0.2
../data/pcols16/clubb_tend_cam.41.0.2
../data/pcols16/clubb_tend_cam.94.0.2
../data/pcols16/clubb_tend_cam.191.0.2
../data/pcols16/clubb_tend_cam.228.0.2
../data/pcols16/clubb_tend_cam.53.0.2
../data/pcols16/clubb_tend_cam.273.0.2
