../data/pcols192/clubb_tend_cam.13.0.2
../data/pcols192/clubb_tend_cam.18.0.2
../data/pcols192/clubb_tend_cam.8.0.2
../data/pcols192/clubb_tend_cam.43.0.2
../data/pcols192/clubb_tend_cam.32.0.2
../data/pcols192/clubb_tend_cam.40.0.2
../data/pcols192/clubb_tend_cam.50.0.2
../data/pcols192/clubb_tend_cam.56.0.2
../data/pcols192/clubb_tend_cam.62.0.2
../data/pcols192/clubb_tend_cam.17.0.2
../data/pcols192/clubb_tend_cam.35.0.2
../data/pcols192/clubb_tend_cam.46.0.2
../data/pcols192/clubb_tend_cam.66.0.2
../data/pcols192/clubb_tend_cam.2.0.2
../data/pcols192/clubb_tend_cam.28.0.2
../data/pcols192/clubb_tend_cam.58.0.2
../data/pcols192/clubb_tend_cam.52.0.2
../data/pcols192/clubb_tend_cam.53.0.2
../data/pcols192/clubb_tend_cam.22.0.2
../data/pcols192/clubb_tend_cam.14.0.2
../data/pcols192/clubb_tend_cam.42.0.2
../data/pcols192/clubb_tend_cam.41.0.2
../data/pcols192/clubb_tend_cam.70.0.2
../data/pcols192/clubb_tend_cam.71.0.2
../data/pcols192/clubb_tend_cam.9.0.2
../data/pcols192/clubb_tend_cam.59.0.2
../data/pcols192/clubb_tend_cam.49.0.2
../data/pcols192/clubb_tend_cam.23.0.2
../data/pcols192/clubb_tend_cam.54.0.2
../data/pcols192/clubb_tend_cam.3.0.2
../data/pcols192/clubb_tend_cam.68.0.2
../data/pcols192/clubb_tend_cam.7.0.2
../data/pcols192/clubb_tend_cam.6.0.2
../data/pcols192/clubb_tend_cam.65.0.2
../data/pcols192/clubb_tend_cam.24.0.2
../data/pcols192/clubb_tend_cam.30.0.2
../data/pcols192/clubb_tend_cam.61.0.2
../data/pcols192/clubb_tend_cam.60.0.2
../data/pcols192/clubb_tend_cam.44.0.2
../data/pcols192/clubb_tend_cam.11.0.2
